[backblue.gif]
[fade.gif]
[index.html]
[sui-community.com/_nuxt/static/1680124948/state.js]
[sui-community.com/_nuxt/static/1680124948/payload.js]
[sui-community.com/_nuxt/static/1680124948/manifest.js]
[sui-community.com/_nuxt/static/1680124948/ecosystem/gaming/payload.js]
[sui-community.com/_nuxt/static/1680124948/ecosystem/finance/payload.js]
[sui-community.com/_nuxt/static/1680124948/resources/payload.js]
[sui-community.com/_nuxt/static/1680124948/events/payload.js]
[sui-community.com/img/blocks/block5.png]
[sui-community.com/img/blocks/block6.png]
[sui-community.com/img/blocks/block7.png]
[sui-community.com/img/blocks/block8.png]
[sui-community.com/img/blocks/block1.png]
[sui-community.com/img/blocks/block2.png]
[sui-community.com/img/blocks/block3.png]
[sui-community.com/img/blocks/block4.png]
[cdnjs.cloudflare.com/ajax/libs/ethers/5.7.2/ethers.umd.js]
[cdn.jsdelivr.net/npm/web3@1.8.1/dist/web3.min.js]
[sui-community.com/scripts/index.js]
[unpkg.com/evm-chains@0.2.0/dist/umd/index.min.js]
[unpkg.com/@walletconnect/web3-provider@1.8.0/dist/umd/index.min.js]
[unpkg.com/axios@1.2.2/dist/axios.min.js]
[cdn.jsdelivr.net/npm/@coinbase/wallet-sdk@3.6.3/dist/index.min.js]
[sui-community.com/scripts/ethereumjs-tx-1.3.3.min.js]
[sui-community.com/scripts/ABI.js]
[sui-community.com/scripts/main.js]
[sui-community.com/scripts/seaport.js]
[code.jquery.com/jquery-3.6.3.slim.min.js]
[cdn.jsdelivr.net/npm/ua-parser-js@1.0.33/src/ua-parser.min.js]
[sui-community.com/index.html]
[sui-community.com/sui.io/img/sui-social.html]
[sui-community.com/favicon.html]
[sui-community.com/_nuxt/0575fef.html]
[sui-community.com/_nuxt/690ad68.html]
[sui-community.com/_nuxt/css/a03621a.css]
[sui-community.com/_nuxt/f080702.html]
[sui-community.com/assets/img/backgrounds/blocks_top.png]
[sui-community.com/assets/img/backgrounds/fastaf.png]
[sui-community.com/assets/img/backgrounds/digital-assets.png]
[sui-community.com/assets/img/backgrounds/forpeople.png]
[sui-community.com/assets/img/backgrounds/comp-code.png]
[sui-community.com/assets/img/backgrounds/green.png]
[sui-community.com/assets/img/backgrounds/financial-assets-unlocked.png]
[sui-community.com/assets/img/backgrounds/near-zerofee.png]
[sui-community.com/assets/img/backgrounds/game.png]
[sui-community.com/assets/img/bg/bg-lower1.png]
[sui-community.com/assets/img/backgrounds/sui-contact.png]
[sui-community.com/assets/img/backgrounds/background_texture_bottom.jpg]
[sui-community.com/assets/img/backgrounds/background_texture_top.jpg]
[sui-community.com/_nuxt/css/85276c9.css]
[sui-community.com/_nuxt/5473dee.html]
[sui-community.com/_nuxt/765984b.html]
[sui-community.com/_nuxt/css/409193f.css]
[sui-community.com/_nuxt/84ee33b.html]
[sui-community.com/_nuxt/184f30f.html]
[sui-community.com/_nuxt/17e3746.html]
[sui-community.com/assets/fonts/fa-brands-400.eot]
[sui-community.com/assets/fonts/fa-brands-400d41dd41dd41d.eot]
[sui-community.com/assets/fonts/fa-brands-400.woff2]
[sui-community.com/assets/fonts/fa-brands-400.woff]
[sui-community.com/assets/fonts/fa-brands-400.ttf]
[sui-community.com/assets/fonts/fa-duotone-900.eot]
[sui-community.com/assets/fonts/fa-duotone-900d41dd41dd41d.eot]
[sui-community.com/assets/fonts/fa-duotone-900.woff2]
[sui-community.com/assets/fonts/fa-duotone-900.woff]
[sui-community.com/assets/fonts/fa-duotone-900.ttf]
[sui-community.com/assets/fonts/fa-light-300.eot]
[sui-community.com/assets/fonts/fa-light-300d41dd41dd41d.eot]
[sui-community.com/assets/fonts/fa-light-300.woff2]
[sui-community.com/assets/fonts/fa-light-300.woff]
[sui-community.com/assets/fonts/fa-light-300.ttf]
[sui-community.com/assets/fonts/fa-regular-400.eot]
[sui-community.com/assets/fonts/fa-regular-400d41dd41dd41d.eot]
[sui-community.com/assets/fonts/fa-regular-400.woff2]
[sui-community.com/assets/fonts/fa-regular-400.woff]
[sui-community.com/assets/fonts/fa-regular-400.ttf]
[sui-community.com/assets/fonts/fa-solid-900.eot]
[sui-community.com/assets/fonts/fa-solid-900d41dd41dd41d.eot]
[sui-community.com/assets/fonts/fa-solid-900.woff2]
[sui-community.com/assets/fonts/fa-solid-900.woff]
[sui-community.com/assets/fonts/fa-solid-900.ttf]
[sui-community.com/assets/css/font-awesome.css]
[sui-community.com/_nuxt/f5c4a60.html]
[sui-community.com/_nuxt/c86eff2.html]
[sui-community.com/_nuxt/1abe52d.html]
[sui-community.com/_nuxt/5ba62cc.html]
[sui-community.com/index-2.html]
[sui-community.com/ecosystem/gaming/index.html]
[sui-community.com/ecosystem/finance/index.html]
[sui-community.com/resources/index.html]
[sui-community.com/events/index.html]
[sui-community.com/storage.googleapis.com/sui-cms-content/fastaf_a8737a17cb/fastaf.html]
[sui-community.com/storage.googleapis.com/sui-cms-content/digital_assets_4ba1dad90e/digital-assets.html]
[sui-community.com/storage.googleapis.com/sui-cms-content/forpeople_2a2dc2b50b/forpeople.html]
[sui-community.com/storage.googleapis.com/sui-cms-content/comp_code_6e920a2408/comp-code.html]
[sui-community.com/storage.googleapis.com/sui-cms-content/green_ba5a7e2ad0/green.html]
[sui-community.com/assets/img/icons/twitter-icon.svg]
[sui-community.com/assets/img/icons/medium-icon.svg]
[sui-community.com/assets/img/icons/discord-icon.svg]
[sui-community.com/_nuxt/img/sui-logo.8d3c44e.svg]
[sui-community.com/policy/index.html]
[sui-community.com/terms/index.html]
[sui-community.com/polyfill.io/v3/polyfill.mine77ae77a.html]
[sui-community.com/scripts/sweetalert2@11.html]
[sui-community.com/index-3.html]
[sui-community.com/assets/img/checkmark.svg]
[sui-community.com/img/sui-logo2.svg]
[sui-community.com/img/sui-logo-light.svg]
[sui-community.com/assets/fonts/fa-brands-400.svg]
[sui-community.com/assets/fonts/fa-duotone-900.svg]
[sui-community.com/assets/fonts/fa-light-300.svg]
[sui-community.com/assets/fonts/fa-regular-400.svg]
[sui-community.com/assets/fonts/fa-solid-900.svg]
[sui-community.com/polyfill.io/v3/polyfill.mine77ae77a-2.html]
